// Jest Snapshot v1, https://goo.gl/fbAQLP

exports[`Scroller should render correctly 1`] = `
<Scroller
  className=""
  max={100}
  min={10}
  onScrollChange={[Function]}
>
  <div
    className="c-scroller "
  >
    <div
      className="c-scroller__knob"
      style={
        Object {
          "left": 0,
        }
      }
    />
    <div
      className="c-scroller__drag"
      draggable={true}
      onDrag={[Function]}
      onDragEnd={[Function]}
      style={
        Object {
          "left": 0,
        }
      }
    />
  </div>
</Scroller>
`;
